apples                              3.98
  1.99 * 2.000
2 for 2.0(apples)                  -1.98

Total:                              2.00