apples                             13.93
  1.99 * 7.000
2 for 2.0(apples)                  -5.94

Total:                              7.99