apples                              9.95
  1.99 * 5.000
5 for 2.0(apples)                  -7.95

Total:                              2.00