apples                             21.89
  1.99 * 11.000
5 for -2.0(apples)                -23.90

Total:                             -2.01