apples                             21.89
  1.99 * 11.000
5 for 2.0(apples)                 -15.90

Total:                              5.99