apples                             13.93
  1.99 * 7.000
3 for 2(apples)                    -3.98

Total:                              9.95