apples                              5.97
  1.99 * 3.000

Total:                              5.97