apples                             21.89
  1.99 * 11.000
-2.0% off(apples)                 --0.44

Total:                             22.33