apples                            -13.93
  1.99 * -7.000

Total:                            -13.93