toothbrush                          1.00
  1.99 * 0

Total:                              1.00