apples                             13.93
  1.99 * 7.000
5 for -2.0(apples)                -11.95

Total:                              1.98