apples                             13.93
  1.99 * 7.000
apples                             13.93
  1.99 * 7.000

Total:                             27.86