apples                             13.93
  1.99 * 7.000
2 for -2.0(apples)                -17.94

Total:                             -4.01