apples                             -3.98
  -1.99 * 2.000

Total:                             -3.98